
Thunderobot@DESKTOP-O2G7C9A MINGW64 ~
$ git version
git version 2.43.0.windows.1

Thunderobot@DESKTOP-O2G7C9A MINGW64 ~
$ git status
fatal: not a git repository (or any of the parent directories): .git

Thunderobot@DESKTOP-O2G7C9A MINGW64 ~
$ git config
usage: git config [<options>]

Config file location
    --[no-]global         use global config file
    --[no-]system         use system config file
    --[no-]local          use repository config file
    --[no-]worktree       use per-worktree config file
    -f, --[no-]file <file>
                          use given config file
    --[no-]blob <blob-id> read config from given blob object

Action
    --[no-]get            get value: name [value-pattern]
    --[no-]get-all        get all values: key [value-pattern]
    --[no-]get-regexp     get values for regexp: name-regex [value-pattern]
    --[no-]get-urlmatch   get value specific for the URL: section[.var] URL
    --[no-]replace-all    replace all matching variables: name value [value-pattern]
    --[no-]add            add a new variable: name value
    --[no-]unset          remove a variable: name [value-pattern]
    --[no-]unset-all      remove all matches: name [value-pattern]
    --[no-]rename-section rename section: old-name new-name
    --[no-]remove-section remove a section: name
    -l, --[no-]list       list all
    --[no-]fixed-value    use string equality when comparing values to 'value-pattern'
    -e, --[no-]edit       open an editor
    --[no-]get-color      find the color configured: slot [default]
    --[no-]get-colorbool  find the color setting: slot [stdout-is-tty]

Type
    -t, --[no-]type <type>
                          value is given this type
    --bool                value is "true" or "false"
    --int                 value is decimal number
    --bool-or-int         value is --bool or --int
    --bool-or-str         value is --bool or string
    --path                value is a path (file or directory name)
    --expiry-date         value is an expiry date

Other
    -z, --[no-]null       terminate values with NUL byte
    --[no-]name-only      show variable names only
    --[no-]includes       respect include directives on lookup
    --[no-]show-origin    show origin of config (file, standard input, blob, command line)
    --[no-]show-scope     show scope of config (worktree, local, global, system, command)
    --[no-]default <value>
                          with --get, use default value when missing entry


Thunderobot@DESKTOP-O2G7C9A MINGW64 ~
$ git config --global user.name "Matvey Prytkov"

Thunderobot@DESKTOP-O2G7C9A MINGW64 ~
$ git config --global user.email "matvej.prytkov.02@bk.ru"

Thunderobot@DESKTOP-O2G7C9A MINGW64 ~
$ git config
usage: git config [<options>]

Config file location
    --[no-]global         use global config file
    --[no-]system         use system config file
    --[no-]local          use repository config file
    --[no-]worktree       use per-worktree config file
    -f, --[no-]file <file>
                          use given config file
    --[no-]blob <blob-id> read config from given blob object

Action
    --[no-]get            get value: name [value-pattern]
    --[no-]get-all        get all values: key [value-pattern]
    --[no-]get-regexp     get values for regexp: name-regex [value-pattern]
    --[no-]get-urlmatch   get value specific for the URL: section[.var] URL
    --[no-]replace-all    replace all matching variables: name value [value-pattern]
    --[no-]add            add a new variable: name value
    --[no-]unset          remove a variable: name [value-pattern]
    --[no-]unset-all      remove all matches: name [value-pattern]
    --[no-]rename-section rename section: old-name new-name
    --[no-]remove-section remove a section: name
    -l, --[no-]list       list all
    --[no-]fixed-value    use string equality when comparing values to 'value-pattern'
    -e, --[no-]edit       open an editor
    --[no-]get-color      find the color configured: slot [default]
    --[no-]get-colorbool  find the color setting: slot [stdout-is-tty]

Type
    -t, --[no-]type <type>
                          value is given this type
    --bool                value is "true" or "false"
    --int                 value is decimal number
    --bool-or-int         value is --bool or --int
    --bool-or-str         value is --bool or string
    --path                value is a path (file or directory name)
    --expiry-date         value is an expiry date

Other
    -z, --[no-]null       terminate values with NUL byte
    --[no-]name-only      show variable names only
    --[no-]includes       respect include directives on lookup
    --[no-]show-origin    show origin of config (file, standard input, blob, command line)
    --[no-]show-scope     show scope of config (worktree, local, global, system, command)
    --[no-]default <value>
                          with --get, use default value when missing entry


Thunderobot@DESKTOP-O2G7C9A MINGW64 ~
$ git config -l
diff.astextplain.textconv=astextplain
filter.lfs.clean=git-lfs clean -- %f
filter.lfs.smudge=git-lfs smudge -- %f
filter.lfs.process=git-lfs filter-process
filter.lfs.required=true
http.sslbackend=openssl
http.sslcainfo=C:/Program Files/Git/mingw64/etc/ssl/certs/ca-bundle.crt
core.autocrlf=true
core.fscache=true
core.symlinks=false
pull.rebase=false
credential.helper=manager
credential.https://dev.azure.com.usehttppath=true
init.defaultbranch=master
user.name=Matvey Prytkov
user.email=matvej.prytkov.02@bk.ru
core.editor="C:\Users\Thunderobot\AppData\Local\Programs\Microsoft VS Code\bin\code" --wait

Thunderobot@DESKTOP-O2G7C9A MINGW64 ~
$ git status
fatal: not a git repository (or any of the parent directories): .git

Thunderobot@DESKTOP-O2G7C9A MINGW64 ~
$ cd /c/Git/ws

Thunderobot@DESKTOP-O2G7C9A MINGW64 /c/Git/ws (master)
$ ls
 1.html  'Visual Studio Code.lnk'*   readme.txt

Thunderobot@DESKTOP-O2G7C9A MINGW64 /c/Git/ws (master)
$ git init
Reinitialized existing Git repository in C:/Git/ws/.git/

Thunderobot@DESKTOP-O2G7C9A MINGW64 /c/Git/ws (master)
$ git log
fatal: your current branch 'master' does not have any commits yet

Thunderobot@DESKTOP-O2G7C9A MINGW64 /c/Git/ws (master)
$ git status
On branch master

No commits yet

Changes to be committed:
  (use "git rm --cached <file>..." to unstage)
        new file:   1.html
        new file:   readme.txt


Thunderobot@DESKTOP-O2G7C9A MINGW64 /c/Git/ws (master)
$ git commit
hint: Waiting for your editor to close the file...

[master (root-commit) 6f80358] Initial commit
 2 files changed, 4 insertions(+)
 create mode 100644 1.html
 create mode 100644 readme.txt

Thunderobot@DESKTOP-O2G7C9A MINGW64 /c/Git/ws (master)
$ git log
commit 6f803585f98fe8d8713d84c802cf949f7ef814d2 (HEAD -> master)
Author: Matvey Prytkov <matvej.prytkov.02@bk.ru>
Date:   Thu Nov 23 15:59:32 2023 +0500

    Initial commit

Thunderobot@DESKTOP-O2G7C9A MINGW64 /c/Git/ws (master)
$ git status
On branch master
nothing to commit, working tree clean

Thunderobot@DESKTOP-O2G7C9A MINGW64 /c/Git/ws (master)
$ git diff --staged

Thunderobot@DESKTOP-O2G7C9A MINGW64 /c/Git/ws (master)
$ git duff --staged
git: 'duff' is not a git command. See 'git --help'.

The most similar command is
        diff

Thunderobot@DESKTOP-O2G7C9A MINGW64 /c/Git/ws (master)
$ git diff --staged

Thunderobot@DESKTOP-O2G7C9A MINGW64 /c/Git/ws (master)
$ git status
On branch master
Changes not staged for commit:
  (use "git add <file>..." to update what will be committed)
  (use "git restore <file>..." to discard changes in working directory)
        modified:   1.html

no changes added to commit (use "git add" and/or "git commit -a")

Thunderobot@DESKTOP-O2G7C9A MINGW64 /c/Git/ws (master)
$ git diff
diff --git a/1.html b/1.html
index 6739583..3abb1e7 100644
--- a/1.html
+++ b/1.html
@@ -1,3 +1,5 @@
 <h1>My website
-
+    <style>
+
+    </style>
 </h1>
\ No newline at end of file

Thunderobot@DESKTOP-O2G7C9A MINGW64 /c/Git/ws (master)
$ git add .

Thunderobot@DESKTOP-O2G7C9A MINGW64 /c/Git/ws (master)
$ git commit
Aborting commit due to empty commit message.

Thunderobot@DESKTOP-O2G7C9A MINGW64 /c/Git/ws (master)
$ git commit
[master 14d5434] Hello world
 1 file changed, 3 insertions(+), 1 deletion(-)

Thunderobot@DESKTOP-O2G7C9A MINGW64 /c/Git/ws (master)
$ git log
commit 14d54348b30155db18341e5b44c81ef8fca7a3fa (HEAD -> master)
Author: Matvey Prytkov <matvej.prytkov.02@bk.ru>
Date:   Thu Nov 23 17:52:27 2023 +0500

    Hello world

commit 6f803585f98fe8d8713d84c802cf949f7ef814d2
Author: Matvey Prytkov <matvej.prytkov.02@bk.ru>
Date:   Thu Nov 23 15:59:32 2023 +0500

    Initial commit

Thunderobot@DESKTOP-O2G7C9A MINGW64 /c/Git/ws (master)
$ git log -p
commit 14d54348b30155db18341e5b44c81ef8fca7a3fa (HEAD -> master)
Author: Matvey Prytkov <matvej.prytkov.02@bk.ru>
Date:   Thu Nov 23 17:52:27 2023 +0500

    Hello world

diff --git a/1.html b/1.html
index 6739583..3abb1e7 100644
--- a/1.html
+++ b/1.html
@@ -1,3 +1,5 @@
 <h1>My website
-
+    <style>
+
+    </style>
 </h1>
\ No newline at end of file

commit 6f803585f98fe8d8713d84c802cf949f7ef814d2
Author: Matvey Prytkov <matvej.prytkov.02@bk.ru>
Date:   Thu Nov 23 15:59:32 2023 +0500

    Initial commit

diff --git a/1.html b/1.html
new file mode 100644
index 0000000..6739583
--- /dev/null
+++ b/1.html
@@ -0,0 +1,3 @@
+<h1>My website
+
+</h1>
\ No newline at end of file
diff --git a/readme.txt b/readme.txt
new file mode 100644
index 0000000..7b4e541
--- /dev/null
...skipping...

                   SUMMARY OF LESS COMMANDS

      Commands marked with * may be preceded by a number, N.
      Notes in parentheses indicate the behavior if N is given.
      A key preceded by a caret indicates the Ctrl key; thus ^K is ctrl-K.

  h  H                 Display this help.
  q  :q  Q  :Q  ZZ     Exit.
 ---------------------------------------------------------------------------

                           MOVING

  e  ^E  j  ^N  CR  *  Forward  one line   (or N lines).
  y  ^Y  k  ^K  ^P  *  Backward one line   (or N lines).
  f  ^F  ^V  SPACE  *  Forward  one window (or N lines).
  b  ^B  ESC-v      *  Backward one window (or N lines).
  z                 *  Forward  one window (and set window to N).
  w                 *  Backward one window (and set window to N).
  ESC-SPACE         *  Forward  one window, but don't stop at end-of-file.
  d  ^D             *  Forward  one half-window (and set half-window to N).
  u  ^U             *  Backward one half-window (and set half-window to N).
  ESC-)  RightArrow *  Right one half screen width (or N positions).
  ESC-(  LeftArrow  *  Left  one half screen width (or N positions).
  ESC-}  ^RightArrow   Right to last column displayed.
  ESC-{  ^LeftArrow    Left  to first column.
  F                    Forward forever; like "tail -f".
  ESC-F                Like F but stop when search pattern is found.
  r  ^R  ^L            Repaint screen.
  R                    Repaint screen, discarding buffered input.
        ---------------------------------------------------
        Default "window" is the screen height.
        Default "half-window" is half of the screen height.
 ---------------------------------------------------------------------------

                          SEARCHING

  /pattern          *  Search forward for (N-th) matching line.
  ?pattern          *  Search backward for (N-th) matching line.
  n                 *  Repeat previous search (for N-th occurrence).
HELP -- Press RETURN for more, or q when done...skipping...

diff --git a/1.html b/1.html
index 6739583..3abb1e7 100644
--- a/1.html
+++ b/1.html
@@ -1,3 +1,5 @@
 <h1>My website
-
+    <style>
+
+    </style>
 </h1>
\ No newline at end of file

commit 6f803585f98fe8d8713d84c802cf949f7ef814d2
Author: Matvey Prytkov <matvej.prytkov.02@bk.ru>
Date:   Thu Nov 23 15:59:32 2023 +0500

    Initial commit

diff --git a/1.html b/1.html
new file mode 100644
index 0000000..6739583
--- /dev/null
+++ b/1.html
@@ -0,0 +1,3 @@
+<h1>My website
+
+</h1>
\ No newline at end of file
diff --git a/readme.txt b/readme.txt
new file mode 100644
index 0000000..7b4e541
--- /dev/null
+++ b/readme.txt
@@ -0,0 +1 @@
+My website
(END)
--- a/1.html
+++ b/1.html
@@ -1,3 +1,5 @@
 <h1>My website
-
+    <style>
+
+    </style>
 </h1>
\ No newline at end of file

commit 6f803585f98fe8d8713d84c802cf949f7ef814d2
Author: Matvey Prytkov <matvej.prytkov.02@bk.ru>
Date:   Thu Nov 23 15:59:32 2023 +0500

    Initial commit

diff --git a/1.html b/1.html
new file mode 100644
index 0000000..6739583
--- /dev/null
+++ b/1.html
@@ -0,0 +1,3 @@
+<h1>My website
+
+</h1>
\ No newline at end of file
diff --git a/readme.txt b/readme.txt
new file mode 100644
index 0000000..7b4e541
--- /dev/null
+++ b/readme.txt
@@ -0,0 +1 @@
+My website

Thunderobot@DESKTOP-O2G7C9A MINGW64 /c/Git/ws (master)
$ git log 2
fatal: ambiguous argument '2': unknown revision or path not in the working tree.
Use '--' to separate paths from revisions, like this:
'git <command> [<revision>...] -- [<file>...]'

Thunderobot@DESKTOP-O2G7C9A MINGW64 /c/Git/ws (master)
$ git log --oneline
14d5434 (HEAD -> master) Hello world
6f80358 Initial commit

Thunderobot@DESKTOP-O2G7C9A MINGW64 /c/Git/ws (master)
$ git add.
git: 'add.' is not a git command. See 'git --help'.

The most similar command is
        add

Thunderobot@DESKTOP-O2G7C9A MINGW64 /c/Git/ws (master)
$ git add .

Thunderobot@DESKTOP-O2G7C9A MINGW64 /c/Git/ws (master)
$ git commit
[master 0ddab10] Privet Mir
 2 files changed, 0 insertions(+), 0 deletions(-)
 create mode 100644 .gitignore
 create mode 100644 file

Thunderobot@DESKTOP-O2G7C9A MINGW64 /c/Git/ws (master)
$ ^[[200~git log --oneline~
bash: $'\E[200~git': command not found

Thunderobot@DESKTOP-O2G7C9A MINGW64 /c/Git/ws (master)
$ git log --oneline
0ddab10 (HEAD -> master) Privet Mir
14d5434 Hello world
6f80358 Initial commit

Thunderobot@DESKTOP-O2G7C9A MINGW64 /c/Git/ws (master)
$ git log HEAD
commit 0ddab10c358ca2b1e798c28f77df33a22f1156e0 (HEAD -> master)
Author: Matvey Prytkov <matvej.prytkov.02@bk.ru>
Date:   Thu Nov 23 18:10:06 2023 +0500

    Privet Mir

commit 14d54348b30155db18341e5b44c81ef8fca7a3fa
Author: Matvey Prytkov <matvej.prytkov.02@bk.ru>
Date:   Thu Nov 23 17:52:27 2023 +0500

    Hello world

commit 6f803585f98fe8d8713d84c802cf949f7ef814d2
Author: Matvey Prytkov <matvej.prytkov.02@bk.ru>
Date:   Thu Nov 23 15:59:32 2023 +0500

    Initial commit

Thunderobot@DESKTOP-O2G7C9A MINGW64 /c/Git/ws (master)
$ git log HEAD2
fatal: ambiguous argument 'HEAD2': unknown revision or path not in the working tree.
Use '--' to separate paths from revisions, like this:
'git <command> [<revision>...] -- [<file>...]'

Thunderobot@DESKTOP-O2G7C9A MINGW64 /c/Git/ws (master)
$ git diff HEAD HEAD2
fatal: ambiguous argument 'HEAD2': unknown revision or path not in the working tree.
Use '--' to separate paths from revisions, like this:
'git <command> [<revision>...] -- [<file>...]'

Thunderobot@DESKTOP-O2G7C9A MINGW64 /c/Git/ws (master)
$ git diff ^C

Thunderobot@DESKTOP-O2G7C9A MINGW64 /c/Git/ws (master)
$ git diff 0ddab10 14d5434
diff --git a/.gitignore b/.gitignore
deleted file mode 100644
index e69de29..0000000
diff --git a/file b/file
deleted file mode 100644
index e69de29..0000000

Thunderobot@DESKTOP-O2G7C9A MINGW64 /c/Git/ws (master)
$ git commit --amend
[master 7279f53] Privet Mir Hello <h1></h1>
 Date: Thu Nov 23 18:10:06 2023 +0500
 2 files changed, 0 insertions(+), 0 deletions(-)
 create mode 100644 .gitignore
 create mode 100644 file

Thunderobot@DESKTOP-O2G7C9A MINGW64 /c/Git/ws (master)
$ git log HEAD
commit 7279f53bb7d23eb639c1ca535fb4dec4f719c273 (HEAD -> master)
Author: Matvey Prytkov <matvej.prytkov.02@bk.ru>
Date:   Thu Nov 23 18:10:06 2023 +0500

    Privet Mir Hello
    <h1></h1>

commit 14d54348b30155db18341e5b44c81ef8fca7a3fa
Author: Matvey Prytkov <matvej.prytkov.02@bk.ru>
Date:   Thu Nov 23 17:52:27 2023 +0500

    Hello world

commit 6f803585f98fe8d8713d84c802cf949f7ef814d2
Author: Matvey Prytkov <matvej.prytkov.02@bk.ru>
Date:   Thu Nov 23 15:59:32 2023 +0500

    Initial commit

Thunderobot@DESKTOP-O2G7C9A MINGW64 /c/Git/ws (master)
$ git restore 1.html

Thunderobot@DESKTOP-O2G7C9A MINGW64 /c/Git/ws (master)
$ git log --all
commit 7279f53bb7d23eb639c1ca535fb4dec4f719c273 (HEAD -> master)
Author: Matvey Prytkov <matvej.prytkov.02@bk.ru>
Date:   Thu Nov 23 18:10:06 2023 +0500

    Privet Mir Hello
    <h1></h1>

commit 14d54348b30155db18341e5b44c81ef8fca7a3fa
Author: Matvey Prytkov <matvej.prytkov.02@bk.ru>
Date:   Thu Nov 23 17:52:27 2023 +0500

    Hello world

commit 6f803585f98fe8d8713d84c802cf949f7ef814d2
Author: Matvey Prytkov <matvej.prytkov.02@bk.ru>
Date:   Thu Nov 23 15:59:32 2023 +0500

    Initial commit

Thunderobot@DESKTOP-O2G7C9A MINGW64 /c/Git/ws (master)
$ git diff readme.txt
diff --git a/readme.txt b/readme.txt
index 7b4e541..00026a7 100644
--- a/readme.txt
+++ b/readme.txt
@@ -1 +1,3 @@
 My website
+Hello
+World
\ No newline at end of file

Thunderobot@DESKTOP-O2G7C9A MINGW64 /c/Git/ws (master)
$ git add .

Thunderobot@DESKTOP-O2G7C9A MINGW64 /c/Git/ws (master)
$ git commit
[master 631f185] Good morning People
 1 file changed, 2 insertions(+)

Thunderobot@DESKTOP-O2G7C9A MINGW64 /c/Git/ws (master)
$ git log --online --all --graph
fatal: unrecognized argument: --online

Thunderobot@DESKTOP-O2G7C9A MINGW64 /c/Git/ws (master)
$ git log --oneline --all --graph
* 631f185 (HEAD -> master) Good morning People
* 7279f53 Privet Mir Hello <h1></h1>
* 14d5434 Hello world
* 6f80358 Initial commit

Thunderobot@DESKTOP-O2G7C9A MINGW64 /c/Git/ws (master)
$ git restore readme.txt

Thunderobot@DESKTOP-O2G7C9A MINGW64 /c/Git/ws (master)
$ git add .

Thunderobot@DESKTOP-O2G7C9A MINGW64 /c/Git/ws (master)
$ git commit
On branch master
nothing to commit, working tree clean

Thunderobot@DESKTOP-O2G7C9A MINGW64 /c/Git/ws (master)
$ git rm file
rm 'file'

Thunderobot@DESKTOP-O2G7C9A MINGW64 /c/Git/ws (master)
$ git add .

Thunderobot@DESKTOP-O2G7C9A MINGW64 /c/Git/ws (master)
$ git commit
[master 7047af1] 12336474
 1 file changed, 0 insertions(+), 0 deletions(-)
 delete mode 100644 file

Thunderobot@DESKTOP-O2G7C9A MINGW64 /c/Git/ws (master)
$ git log
commit 7047af1a02b2bab8d5bd136cdbe2899ee29efd4b (HEAD -> master)
Author: Matvey Prytkov <matvej.prytkov.02@bk.ru>
Date:   Thu Nov 23 18:24:54 2023 +0500

    12336474

commit 631f1856069c744db737825a3367705114f863c4
Author: Matvey Prytkov <matvej.prytkov.02@bk.ru>
Date:   Thu Nov 23 18:20:55 2023 +0500

    Good morning
    People

commit 7279f53bb7d23eb639c1ca535fb4dec4f719c273
Author: Matvey Prytkov <matvej.prytkov.02@bk.ru>
Date:   Thu Nov 23 18:10:06 2023 +0500

    Privet Mir Hello
    <h1></h1>

commit 14d54348b30155db18341e5b44c81ef8fca7a3fa
Author: Matvey Prytkov <matvej.prytkov.02@bk.ru>
Date:   Thu Nov 23 17:52:27 2023 +0500

    Hello world

commit 6f803585f98fe8d8713d84c802cf949f7ef814d2
Author: Matvey Prytkov <matvej.prytkov.02@bk.ru>
Date:   Thu Nov 23 15:59:32 2023 +0500

    Initial commit

Thunderobot@DESKTOP-O2G7C9A MINGW64 /c/Git/ws (master)
$ git mv 1.html 12345.html

Thunderobot@DESKTOP-O2G7C9A MINGW64 /c/Git/ws (master)
$ git status
On branch master
Changes to be committed:
  (use "git restore --staged <file>..." to unstage)
        renamed:    1.html -> 12345.html


Thunderobot@DESKTOP-O2G7C9A MINGW64 /c/Git/ws (master)
$

Thunderobot@DESKTOP-O2G7C9A MINGW64 ~
$ cd /c/Git/ws

Thunderobot@DESKTOP-O2G7C9A MINGW64 /c/Git/ws (master)
$ git commit
[master 518d86e] Привет
 1 file changed, 0 insertions(+), 0 deletions(-)
 rename 1.html => 12345.html (100%)

Thunderobot@DESKTOP-O2G7C9A MINGW64 /c/Git/ws (master)
$ git --all --graph
unknown option: --all
usage: git [-v | --version] [-h | --help] [-C <path>] [-c <name>=<value>]
           [--exec-path[=<path>]] [--html-path] [--man-path] [--info-path]
           [-p | --paginate | -P | --no-pager] [--no-replace-objects] [--bare]
           [--git-dir=<path>] [--work-tree=<path>] [--namespace=<name>]
           [--config-env=<name>=<envvar>] <command> [<args>]

Thunderobot@DESKTOP-O2G7C9A MINGW64 /c/Git/ws (master)
$ git log --oneline --all --graph
* 518d86e (HEAD -> master) Привет
* 7047af1 12336474
* 631f185 Good morning People
* 7279f53 Privet Mir Hello <h1></h1>
* 14d5434 Hello world
* 6f80358 Initial commit

Thunderobot@DESKTOP-O2G7C9A MINGW64 /c/Git/ws (master)
$ git checkout ^C

Thunderobot@DESKTOP-O2G7C9A MINGW64 /c/Git/ws (master)
$ git checkout 518d86e
Note: switching to '518d86e'.

You are in 'detached HEAD' state. You can look around, make experimental
changes and commit them, and you can discard any commits you make in this
state without impacting any branches by switching back to a branch.

If you want to create a new branch to retain commits you create, you may
do so (now or later) by using -c with the switch command. Example:

  git switch -c <new-branch-name>

Or undo this operation with:

  git switch -

Turn off this advice by setting config variable advice.detachedHead to false

HEAD is now at 518d86e Привет

Thunderobot@DESKTOP-O2G7C9A MINGW64 /c/Git/ws ((518d86e...))
$ cd /c/Git/ws

Thunderobot@DESKTOP-O2G7C9A MINGW64 /c/Git/ws ((518d86e...))
$ cd /c/Git

Thunderobot@DESKTOP-O2G7C9A MINGW64 /c/Git
$ cd /c/Git/ws

Thunderobot@DESKTOP-O2G7C9A MINGW64 /c/Git/ws ((518d86e...))
$ git checkin  518d86e
git: 'checkin' is not a git command. See 'git --help'.

The most similar commands are
        check-ignore
        checkout

Thunderobot@DESKTOP-O2G7C9A MINGW64 /c/Git/ws ((518d86e...))
$ cd /C/Users/Thunderobot/Desktop/Программирование/ws

Thunderobot@DESKTOP-O2G7C9A MINGW64 /C/Users/Thunderobot/Desktop/Программирование/ws (master)
$ git status
On branch master
Changes not staged for commit:
  (use "git add <file>..." to update what will be committed)
  (use "git restore <file>..." to discard changes in working directory)
        modified:   page.html

no changes added to commit (use "git add" and/or "git commit -a")

Thunderobot@DESKTOP-O2G7C9A MINGW64 /C/Users/Thunderobot/Desktop/Программирование/ws (master)
$ git add .

Thunderobot@DESKTOP-O2G7C9A MINGW64 /C/Users/Thunderobot/Desktop/Программирование/ws (master)
$ git status
On branch master
Changes to be committed:
  (use "git restore --staged <file>..." to unstage)
        modified:   page.html


Thunderobot@DESKTOP-O2G7C9A MINGW64 /C/Users/Thunderobot/Desktop/Программирование/ws (master)
$ git commit
[master d102992] commit
 1 file changed, 2 insertions(+), 1 deletion(-)

Thunderobot@DESKTOP-O2G7C9A MINGW64 /C/Users/Thunderobot/Desktop/Программирование/ws (master)
$ gif config --global user.name "Prytkov Matvej"
bash: gif: command not found

Thunderobot@DESKTOP-O2G7C9A MINGW64 /C/Users/Thunderobot/Desktop/Программирование/ws (master)
$ git  config --global user.name "Prytkov Matvej"

Thunderobot@DESKTOP-O2G7C9A MINGW64 /C/Users/Thunderobot/Desktop/Программирование/ws (master)
$ git status
On branch master
nothing to commit, working tree clean

Thunderobot@DESKTOP-O2G7C9A MINGW64 /C/Users/Thunderobot/Desktop/Программирование/ws (master)
$ git status
On branch master
nothing to commit, working tree clean

Thunderobot@DESKTOP-O2G7C9A MINGW64 /C/Users/Thunderobot/Desktop/Программирование/ws (master)
$ git diff

Thunderobot@DESKTOP-O2G7C9A MINGW64 /C/Users/Thunderobot/Desktop/Программирование/ws (master)
$ git status
On branch master
nothing to commit, working tree clean

Thunderobot@DESKTOP-O2G7C9A MINGW64 /C/Users/Thunderobot/Desktop/Программирование/ws (master)
$ git status
On branch master
Changes not staged for commit:
  (use "git add <file>..." to update what will be committed)
  (use "git restore <file>..." to discard changes in working directory)
        modified:   readme

no changes added to commit (use "git add" and/or "git commit -a")

Thunderobot@DESKTOP-O2G7C9A MINGW64 /C/Users/Thunderobot/Desktop/Программирование/ws (master)
$ git commit -a
[master 39271da] Readme
 1 file changed, 2 insertions(+), 2 deletions(-)

Thunderobot@DESKTOP-O2G7C9A MINGW64 /C/Users/Thunderobot/Desktop/Программирование/ws (master)
$ git commit
On branch master
nothing to commit, working tree clean

Thunderobot@DESKTOP-O2G7C9A MINGW64 /C/Users/Thunderobot/Desktop/Программирование/ws (master)
$ git diff readme

Thunderobot@DESKTOP-O2G7C9A MINGW64 /C/Users/Thunderobot/Desktop/Программирование/ws (master)
$ git diff

Thunderobot@DESKTOP-O2G7C9A MINGW64 /C/Users/Thunderobot/Desktop/Программирование/ws (master)
$ git reset --gard
error: unknown option `gard'
usage: git reset [--mixed | --soft | --hard | --merge | --keep] [-q] [<commit>]
   or: git reset [-q] [<tree-ish>] [--] <pathspec>...
   or: git reset [-q] [--pathspec-from-file [--pathspec-file-nul]] [<tree-ish>]
   or: git reset --patch [<tree-ish>] [--] [<pathspec>...]
   or: DEPRECATED: git reset [-q] [--stdin [-z]] [<tree-ish>]

    -q, --[no-]quiet      be quiet, only report errors
    --no-refresh          skip refreshing the index after reset
    --refresh             opposite of --no-refresh
    --mixed               reset HEAD and index
    --soft                reset only HEAD
    --hard                reset HEAD, index and working tree
    --merge               reset HEAD, index and working tree
    --keep                reset HEAD but keep local changes
    --[no-]recurse-submodules[=<reset>]
                          control recursive updating of submodules
    -p, --[no-]patch      select hunks interactively
    -N, --[no-]intent-to-add
                          record only the fact that removed paths will be added later
    --[no-]pathspec-from-file <file>
                          read pathspec from file
    --[no-]pathspec-file-nul
                          with --pathspec-from-file, pathspec elements are separated with NUL character
    -z                    DEPRECATED (use --pathspec-file-nul instead): paths are separated with NUL character
    --[no-]stdin          DEPRECATED (use --pathspec-from-file=- instead): read paths from <stdin>


Thunderobot@DESKTOP-O2G7C9A MINGW64 /C/Users/Thunderobot/Desktop/Программирование/ws (master)
$ git reset --hard
HEAD is now at 39271da Readme

Thunderobot@DESKTOP-O2G7C9A MINGW64 /C/Users/Thunderobot/Desktop/Программирование/ws (master)
$ git log --oneline
39271da (HEAD -> master) Readme
d102992 commit
1b24b08 (myexp) experimental design
a2fe8d7 double hr in footer
fc6c790 (serverfix) with logo title
8b1c401 Merge remote-tracking branch 'origin/master'
f102b3e menu
113ef79 change readme
117373c with issue 30 (logo)
8c854c1 (hf200) hf200 (required alt attr)
4d869f3 (issue30) logo resized
2dac65b with issue 20
ffa22b5 (issue21) Main forum
56ac931 issue 154 (eng)
4f60d6a forum
d0bba87 Merge branch 'issue20'
16c87d9 hf153 (h1->h2)
94a37d7 issue 20 (with footer)
2ae90b6 with gitignore
63ecb04 (tag: ver.1.3-lw, tag: ver.1.3, test2) index.html renamed to index.htm
93c34d7 with page.html
bfc69c2 with updated robots.txt
79cfbd2 with robots.txt

Thunderobot@DESKTOP-O2G7C9A MINGW64 /C/Users/Thunderobot/Desktop/Программирование/ws (master)
$ git init
Reinitialized existing Git repository in C:/Users/Thunderobot/Desktop/Программирование/ws/.git/

Thunderobot@DESKTOP-O2G7C9A MINGW64 /C/Users/Thunderobot/Desktop/Программирование/ws (master)
$

